--------------------------------------------------------------------------------
Release 14.4 Trace  (nt)
Copyright (c) 1995-2012 Xilinx, Inc.  All rights reserved.

F:\xilink\14.4\ISE_DS\ISE\bin\nt\unwrapped\trce.exe -intstyle ise -v 3 -s 4 -n
3 -fastpaths -xml CPU.twx CPU.ncd -o CPU.twr CPU.pcf -ucf cpu_uc.ucf

Design file:              CPU.ncd
Physical constraint file: CPU.pcf
Device,package,speed:     xc3s500e,pq208,-4 (PRODUCTION 1.27 2012-12-04)
Report level:             verbose report

Environment Variable      Effect 
--------------------      ------ 
NONE                      No environment variables were set
--------------------------------------------------------------------------------

INFO:Timing:2698 - No timing constraints found, doing default enumeration.
INFO:Timing:3412 - To improve timing, see the Timing Closure User Guide (UG612).
INFO:Timing:2752 - To get complete path coverage, use the unconstrained paths 
   option. All paths that are not constrained will be reported in the 
   unconstrained paths section(s) of the report.
INFO:Timing:3339 - The clock-to-out numbers in this timing report are based on 
   a 50 Ohm transmission line loading model.  For the details of this model, 
   and for more information on accounting for different loading conditions, 
   please see the device datasheet.
INFO:Timing:3390 - This architecture does not support a default System Jitter 
   value, please add SYSTEM_JITTER constraint to the UCF to modify the Clock 
   Uncertainty calculation.
INFO:Timing:3389 - This architecture does not support 'Discrete Jitter' and 
   'Phase Error' calculations, these terms will be zero in the Clock 
   Uncertainty calculation.  Please make appropriate modification to 
   SYSTEM_JITTER to account for the unsupported Discrete Jitter and Phase 
   Error.



Data Sheet report:
-----------------
All values displayed in nanoseconds (ns)

Clock CLK to Pad
------------+------------+------------------+--------+
            | clk (edge) |                  | Clock  |
Destination |   to PAD   |Internal Clock(s) | Phase  |
------------+------------+------------------+--------+
TIMEOUT<0>  |   10.141(R)|CLK_BUFGP         |   0.000|
TIMEOUT<1>  |    8.822(R)|CLK_BUFGP         |   0.000|
TIMEOUT<2>  |    9.547(R)|CLK_BUFGP         |   0.000|
TIMEOUT<3>  |    8.379(R)|CLK_BUFGP         |   0.000|
------------+------------+------------------+--------+

Clock RST to Pad
------------+------------+------------------+--------+
            | clk (edge) |                  | Clock  |
Destination |   to PAD   |Internal Clock(s) | Phase  |
------------+------------+------------------+--------+
IROUT<0>    |    8.296(R)|RST_IBUF          |   0.000|
IROUT<1>    |    8.296(R)|RST_IBUF          |   0.000|
IROUT<2>    |    8.283(R)|RST_IBUF          |   0.000|
IROUT<3>    |    8.283(R)|RST_IBUF          |   0.000|
IROUT<4>    |    8.268(R)|RST_IBUF          |   0.000|
IROUT<5>    |    8.268(R)|RST_IBUF          |   0.000|
IROUT<6>    |    8.267(R)|RST_IBUF          |   0.000|
IROUT<7>    |    8.267(R)|RST_IBUF          |   0.000|
IROUT<8>    |    8.273(R)|RST_IBUF          |   0.000|
IROUT<9>    |    8.273(R)|RST_IBUF          |   0.000|
IROUT<10>   |    8.278(R)|RST_IBUF          |   0.000|
IROUT<11>   |    8.278(R)|RST_IBUF          |   0.000|
IROUT<12>   |    8.281(R)|RST_IBUF          |   0.000|
IROUT<13>   |    8.281(R)|RST_IBUF          |   0.000|
IROUT<14>   |    8.281(R)|RST_IBUF          |   0.000|
IROUT<15>   |    8.281(R)|RST_IBUF          |   0.000|
------------+------------+------------------+--------+

Clock to Setup on destination clock CLK
---------------+---------+---------+---------+---------+
               | Src:Rise| Src:Fall| Src:Rise| Src:Fall|
Source Clock   |Dest:Rise|Dest:Rise|Dest:Fall|Dest:Fall|
---------------+---------+---------+---------+---------+
CLK            |    2.101|         |         |         |
---------------+---------+---------+---------+---------+

Clock to Setup on destination clock RST
---------------+---------+---------+---------+---------+
               | Src:Rise| Src:Fall| Src:Rise| Src:Fall|
Source Clock   |Dest:Rise|Dest:Rise|Dest:Fall|Dest:Fall|
---------------+---------+---------+---------+---------+
CLK            |    7.410|         |         |         |
---------------+---------+---------+---------+---------+


Analysis completed Tue Jul 15 14:49:41 2014 
--------------------------------------------------------------------------------

Trace Settings:
-------------------------
Trace Settings 

Peak Memory Usage: 135 MB



